I'm sorry, but errors were detected in your script. Please correct the
errors listed below, and try again.


File "game/script.rpy", line 612: expected simple expression
    stop sound fadeout
                      ^

Ren'Py Version: Ren'Py 8.2.1.24030407
Sun Aug  4 11:10:30 2024
